Component: ARM Compiler 5.06 update 7 (build 960) Tool: armlink [4d3601]

==============================================================================

Small function inlining results

Inlined total of 0 calls.

==============================================================================

Section Cross References

    startup_nuc100series.o(RESET) refers to startup_nuc100series.o(STACK) for __initial_sp
    startup_nuc100series.o(RESET) refers to startup_nuc100series.o(.text) for Reset_Handler
    startup_nuc100series.o(RESET) refers to retarget.o(.emb_text) for HardFault_Handler
    startup_nuc100series.o(.text) refers to system_nuc100series.o(i.SystemInit) for SystemInit
    startup_nuc100series.o(.text) refers to entry.o(.ARM.Collect$$$$00000000) for __main
    system_nuc100series.o(i.SystemCoreClockUpdate) refers to uidiv.o(.text) for __aeabi_uidivmod
    system_nuc100series.o(i.SystemCoreClockUpdate) refers to system_nuc100series.o(.data) for .data
    main.o(i.I2C0_Close) refers to i2c.o(i.I2C_Close) for I2C_Close
    main.o(i.I2C0_Close) refers to clk.o(i.CLK_DisableModuleClock) for CLK_DisableModuleClock
    main.o(i.I2C0_Init) refers to i2c.o(i.I2C_Open) for I2C_Open
    main.o(i.I2C0_Init) refers to i2c.o(i.I2C_GetBusClockFreq) for I2C_GetBusClockFreq
    main.o(i.I2C0_Init) refers to printf5.o(i.__0printf$5) for __2printf
    main.o(i.I2C_Read_Chip_ID) refers to printf5.o(i.__0printf$5) for __2printf
    main.o(i.I2C_Read_Chip_ID) refers to i2c.o(i.I2C_Trigger) for I2C_Trigger
    main.o(i.I2C_Write) refers to printf5.o(i.__0printf$5) for __2printf
    main.o(i.I2C_Write) refers to i2c.o(i.I2C_Trigger) for I2C_Trigger
    main.o(i.SYS_Init) refers to clk.o(i.CLK_EnableXtalRC) for CLK_EnableXtalRC
    main.o(i.SYS_Init) refers to clk.o(i.CLK_WaitClockReady) for CLK_WaitClockReady
    main.o(i.SYS_Init) refers to clk.o(i.CLK_SetHCLK) for CLK_SetHCLK
    main.o(i.SYS_Init) refers to clk.o(i.CLK_SetCoreClock) for CLK_SetCoreClock
    main.o(i.SYS_Init) refers to clk.o(i.CLK_EnableModuleClock) for CLK_EnableModuleClock
    main.o(i.SYS_Init) refers to clk.o(i.CLK_SetModuleClock) for CLK_SetModuleClock
    main.o(i.UART0_Init) refers to sys.o(i.SYS_ResetModule) for SYS_ResetModule
    main.o(i.UART0_Init) refers to uart.o(i.UART_Open) for UART_Open
    main.o(i.main) refers to _scanf_int.o(.text) for _scanf_int
    main.o(i.main) refers to main.o(i.SYS_Init) for SYS_Init
    main.o(i.main) refers to main.o(i.UART0_Init) for UART0_Init
    main.o(i.main) refers to printf5.o(i.__0printf$5) for __2printf
    main.o(i.main) refers to main.o(i.I2C0_Init) for I2C0_Init
    main.o(i.main) refers to getc.o(i.getc) for getc
    main.o(i.main) refers to main.o(i.I2C_Read_Chip_ID) for I2C_Read_Chip_ID
    main.o(i.main) refers to __0scanf.o(.text) for __0scanf
    main.o(i.main) refers to main.o(i.I2C_Write) for I2C_Write
    main.o(i.main) refers to retarget.o(.data) for __stdin
    retarget.o(.emb_text) refers to retarget.o(i.Hard_Fault_Handler) for Hard_Fault_Handler
    retarget.o(i.Hard_Fault_Handler) refers to printf5.o(i.__0printf$5) for __2printf
    retarget.o(i.Hard_Fault_Handler) refers to retarget.o(i.stackDump) for stackDump
    retarget.o(i.SendChar) refers to retarget.o(i.SendChar_ToUART) for SendChar_ToUART
    retarget.o(i._ttywrch) refers to retarget.o(i.SendChar_ToUART) for SendChar_ToUART
    retarget.o(i.fgetc) refers to retarget.o(i.GetChar) for GetChar
    retarget.o(i.fputc) refers to retarget.o(i.SendChar_ToUART) for SendChar_ToUART
    retarget.o(i.stackDump) refers to printf5.o(i.__0printf$5) for __2printf
    clk.o(i.CLK_DisableCKO) refers to clk.o(i.CLK_DisableModuleClock) for CLK_DisableModuleClock
    clk.o(i.CLK_DisableModuleClock) refers to clk.o(.constdata) for .constdata
    clk.o(i.CLK_EnableCKO) refers to clk.o(i.CLK_EnableModuleClock) for CLK_EnableModuleClock
    clk.o(i.CLK_EnableCKO) refers to clk.o(i.CLK_SetModuleClock) for CLK_SetModuleClock
    clk.o(i.CLK_EnableModuleClock) refers to clk.o(.constdata) for .constdata
    clk.o(i.CLK_EnablePLL) refers to clk.o(i.CLK_WaitClockReady) for CLK_WaitClockReady
    clk.o(i.CLK_EnablePLL) refers to uidiv.o(.text) for __aeabi_uidivmod
    clk.o(i.CLK_GetCPUFreq) refers to system_nuc100series.o(i.SystemCoreClockUpdate) for SystemCoreClockUpdate
    clk.o(i.CLK_GetCPUFreq) refers to system_nuc100series.o(.data) for SystemCoreClock
    clk.o(i.CLK_GetHCLKFreq) refers to system_nuc100series.o(i.SystemCoreClockUpdate) for SystemCoreClockUpdate
    clk.o(i.CLK_GetHCLKFreq) refers to system_nuc100series.o(.data) for SystemCoreClock
    clk.o(i.CLK_GetPCLKFreq) refers to system_nuc100series.o(i.SystemCoreClockUpdate) for SystemCoreClockUpdate
    clk.o(i.CLK_GetPCLKFreq) refers to system_nuc100series.o(.data) for SystemCoreClock
    clk.o(i.CLK_SetCoreClock) refers to clk.o(i.CLK_EnablePLL) for CLK_EnablePLL
    clk.o(i.CLK_SetCoreClock) refers to clk.o(i.CLK_SetHCLK) for CLK_SetHCLK
    clk.o(i.CLK_SetHCLK) refers to system_nuc100series.o(i.SystemCoreClockUpdate) for SystemCoreClockUpdate
    clk.o(i.CLK_SetModuleClock) refers to clk.o(.constdata) for .constdata
    i2c.o(i.I2C_GetBusClockFreq) refers to uidiv.o(.text) for __aeabi_uidivmod
    i2c.o(i.I2C_GetBusClockFreq) refers to system_nuc100series.o(.data) for SystemCoreClock
    i2c.o(i.I2C_Open) refers to uidiv.o(.text) for __aeabi_uidivmod
    i2c.o(i.I2C_Open) refers to system_nuc100series.o(.data) for SystemCoreClock
    i2c.o(i.I2C_SetBusClockFreq) refers to uidiv.o(.text) for __aeabi_uidivmod
    i2c.o(i.I2C_SetBusClockFreq) refers to system_nuc100series.o(.data) for SystemCoreClock
    uart.o(i.CLK_GetPLLClockFreq) refers to uidiv.o(.text) for __aeabi_uidivmod
    uart.o(i.UART_Open) refers to uart.o(i.CLK_GetPLLClockFreq) for CLK_GetPLLClockFreq
    uart.o(i.UART_Open) refers to uidiv.o(.text) for __aeabi_uidivmod
    uart.o(i.UART_Open) refers to uart.o(.constdata) for .constdata
    uart.o(i.UART_SelectIrDAMode) refers to uart.o(i.CLK_GetPLLClockFreq) for CLK_GetPLLClockFreq
    uart.o(i.UART_SelectIrDAMode) refers to uidiv.o(.text) for __aeabi_uidivmod
    uart.o(i.UART_SelectIrDAMode) refers to uart.o(.constdata) for .constdata
    uart.o(i.UART_SetLine_Config) refers to uart.o(i.CLK_GetPLLClockFreq) for CLK_GetPLLClockFreq
    uart.o(i.UART_SetLine_Config) refers to uidiv.o(.text) for __aeabi_uidivmod
    uart.o(i.UART_SetLine_Config) refers to uart.o(.constdata) for .constdata
    entry.o(.ARM.Collect$$$$00000000) refers (Special) to entry10a.o(.ARM.Collect$$$$0000000F) for __rt_final_cpp
    entry.o(.ARM.Collect$$$$00000000) refers (Special) to entry11a.o(.ARM.Collect$$$$00000011) for __rt_final_exit
    entry.o(.ARM.Collect$$$$00000000) refers (Special) to entry12b.o(.ARM.Collect$$$$0000000E) for __rt_lib_shutdown_fini
    entry.o(.ARM.Collect$$$$00000000) refers (Special) to entry7b.o(.ARM.Collect$$$$00000008) for _main_clock
    entry.o(.ARM.Collect$$$$00000000) refers (Special) to entry8b.o(.ARM.Collect$$$$0000000A) for _main_cpp_init
    entry.o(.ARM.Collect$$$$00000000) refers (Special) to entry9a.o(.ARM.Collect$$$$0000000B) for _main_init
    entry.o(.ARM.Collect$$$$00000000) refers (Special) to entry5.o(.ARM.Collect$$$$00000004) for _main_scatterload
    entry.o(.ARM.Collect$$$$00000000) refers (Special) to entry2.o(.ARM.Collect$$$$00000001) for _main_stk
    getc.o(i.getc) refers to retarget.o(i.fgetc) for fgetc
    printfb.o(i.__0fprintf$bare) refers to printfb.o(i._printf_core) for _printf_core
    printfb.o(i.__0fprintf$bare) refers to retarget.o(i.fputc) for fputc
    printfb.o(i.__0printf$bare) refers to printfb.o(i._printf_core) for _printf_core
    printfb.o(i.__0printf$bare) refers to retarget.o(i.fputc) for fputc
    printfb.o(i.__0printf$bare) refers to retarget.o(.data) for __stdout
    printfb.o(i.__0snprintf$bare) refers to printfb.o(i._printf_core) for _printf_core
    printfb.o(i.__0snprintf$bare) refers to printfb.o(i._snputc) for _snputc
    printfb.o(i.__0sprintf$bare) refers to printfb.o(i._printf_core) for _printf_core
    printfb.o(i.__0sprintf$bare) refers to printfb.o(i._sputc) for _sputc
    printfb.o(i.__0vfprintf$bare) refers to printfb.o(i._printf_core) for _printf_core
    printfb.o(i.__0vfprintf$bare) refers to retarget.o(i.fputc) for fputc
    printfb.o(i.__0vprintf$bare) refers to printfb.o(i._printf_core) for _printf_core
    printfb.o(i.__0vprintf$bare) refers to retarget.o(i.fputc) for fputc
    printfb.o(i.__0vprintf$bare) refers to retarget.o(.data) for __stdout
    printfb.o(i.__0vsnprintf$bare) refers to printfb.o(i._printf_core) for _printf_core
    printfb.o(i.__0vsnprintf$bare) refers to printfb.o(i._snputc) for _snputc
    printfb.o(i.__0vsprintf$bare) refers to printfb.o(i._printf_core) for _printf_core
    printfb.o(i.__0vsprintf$bare) refers to printfb.o(i._sputc) for _sputc
    printf0.o(i.__0fprintf$0) refers to printf0.o(i._printf_core) for _printf_core
    printf0.o(i.__0fprintf$0) refers to retarget.o(i.fputc) for fputc
    printf0.o(i.__0printf$0) refers to printf0.o(i._printf_core) for _printf_core
    printf0.o(i.__0printf$0) refers to retarget.o(i.fputc) for fputc
    printf0.o(i.__0printf$0) refers to retarget.o(.data) for __stdout
    printf0.o(i.__0snprintf$0) refers to printf0.o(i._printf_core) for _printf_core
    printf0.o(i.__0snprintf$0) refers to printf0.o(i._snputc) for _snputc
    printf0.o(i.__0sprintf$0) refers to printf0.o(i._printf_core) for _printf_core
    printf0.o(i.__0sprintf$0) refers to printf0.o(i._sputc) for _sputc
    printf0.o(i.__0vfprintf$0) refers to printf0.o(i._printf_core) for _printf_core
    printf0.o(i.__0vfprintf$0) refers to retarget.o(i.fputc) for fputc
    printf0.o(i.__0vprintf$0) refers to printf0.o(i._printf_core) for _printf_core
    printf0.o(i.__0vprintf$0) refers to retarget.o(i.fputc) for fputc
    printf0.o(i.__0vprintf$0) refers to retarget.o(.data) for __stdout
    printf0.o(i.__0vsnprintf$0) refers to printf0.o(i._printf_core) for _printf_core
    printf0.o(i.__0vsnprintf$0) refers to printf0.o(i._snputc) for _snputc
    printf0.o(i.__0vsprintf$0) refers to printf0.o(i._printf_core) for _printf_core
    printf0.o(i.__0vsprintf$0) refers to printf0.o(i._sputc) for _sputc
    printf1.o(i.__0fprintf$1) refers to printf1.o(i._printf_core) for _printf_core
    printf1.o(i.__0fprintf$1) refers to retarget.o(i.fputc) for fputc
    printf1.o(i.__0printf$1) refers to printf1.o(i._printf_core) for _printf_core
    printf1.o(i.__0printf$1) refers to retarget.o(i.fputc) for fputc
    printf1.o(i.__0printf$1) refers to retarget.o(.data) for __stdout
    printf1.o(i.__0snprintf$1) refers to printf1.o(i._printf_core) for _printf_core
    printf1.o(i.__0snprintf$1) refers to printf1.o(i._snputc) for _snputc
    printf1.o(i.__0sprintf$1) refers to printf1.o(i._printf_core) for _printf_core
    printf1.o(i.__0sprintf$1) refers to printf1.o(i._sputc) for _sputc
    printf1.o(i.__0vfprintf$1) refers to printf1.o(i._printf_core) for _printf_core
    printf1.o(i.__0vfprintf$1) refers to retarget.o(i.fputc) for fputc
    printf1.o(i.__0vprintf$1) refers to printf1.o(i._printf_core) for _printf_core
    printf1.o(i.__0vprintf$1) refers to retarget.o(i.fputc) for fputc
    printf1.o(i.__0vprintf$1) refers to retarget.o(.data) for __stdout
    printf1.o(i.__0vsnprintf$1) refers to printf1.o(i._printf_core) for _printf_core
    printf1.o(i.__0vsnprintf$1) refers to printf1.o(i._snputc) for _snputc
    printf1.o(i.__0vsprintf$1) refers to printf1.o(i._printf_core) for _printf_core
    printf1.o(i.__0vsprintf$1) refers to printf1.o(i._sputc) for _sputc
    printf1.o(i._printf_core) refers to uidiv.o(.text) for __aeabi_uidivmod
    printf2.o(i.__0fprintf$2) refers to printf2.o(i._printf_core) for _printf_core
    printf2.o(i.__0fprintf$2) refers to retarget.o(i.fputc) for fputc
    printf2.o(i.__0printf$2) refers to printf2.o(i._printf_core) for _printf_core
    printf2.o(i.__0printf$2) refers to retarget.o(i.fputc) for fputc
    printf2.o(i.__0printf$2) refers to retarget.o(.data) for __stdout
    printf2.o(i.__0snprintf$2) refers to printf2.o(i._printf_core) for _printf_core
    printf2.o(i.__0snprintf$2) refers to printf2.o(i._snputc) for _snputc
    printf2.o(i.__0sprintf$2) refers to printf2.o(i._printf_core) for _printf_core
    printf2.o(i.__0sprintf$2) refers to printf2.o(i._sputc) for _sputc
    printf2.o(i.__0vfprintf$2) refers to printf2.o(i._printf_core) for _printf_core
    printf2.o(i.__0vfprintf$2) refers to retarget.o(i.fputc) for fputc
    printf2.o(i.__0vprintf$2) refers to printf2.o(i._printf_core) for _printf_core
    printf2.o(i.__0vprintf$2) refers to retarget.o(i.fputc) for fputc
    printf2.o(i.__0vprintf$2) refers to retarget.o(.data) for __stdout
    printf2.o(i.__0vsnprintf$2) refers to printf2.o(i._printf_core) for _printf_core
    printf2.o(i.__0vsnprintf$2) refers to printf2.o(i._snputc) for _snputc
    printf2.o(i.__0vsprintf$2) refers to printf2.o(i._printf_core) for _printf_core
    printf2.o(i.__0vsprintf$2) refers to printf2.o(i._sputc) for _sputc
    printf3.o(i.__0fprintf$3) refers to printf3.o(i._printf_core) for _printf_core
    printf3.o(i.__0fprintf$3) refers to retarget.o(i.fputc) for fputc
    printf3.o(i.__0printf$3) refers to printf3.o(i._printf_core) for _printf_core
    printf3.o(i.__0printf$3) refers to retarget.o(i.fputc) for fputc
    printf3.o(i.__0printf$3) refers to retarget.o(.data) for __stdout
    printf3.o(i.__0snprintf$3) refers to printf3.o(i._printf_core) for _printf_core
    printf3.o(i.__0snprintf$3) refers to printf3.o(i._snputc) for _snputc
    printf3.o(i.__0sprintf$3) refers to printf3.o(i._printf_core) for _printf_core
    printf3.o(i.__0sprintf$3) refers to printf3.o(i._sputc) for _sputc
    printf3.o(i.__0vfprintf$3) refers to printf3.o(i._printf_core) for _printf_core
    printf3.o(i.__0vfprintf$3) refers to retarget.o(i.fputc) for fputc
    printf3.o(i.__0vprintf$3) refers to printf3.o(i._printf_core) for _printf_core
    printf3.o(i.__0vprintf$3) refers to retarget.o(i.fputc) for fputc
    printf3.o(i.__0vprintf$3) refers to retarget.o(.data) for __stdout
    printf3.o(i.__0vsnprintf$3) refers to printf3.o(i._printf_core) for _printf_core
    printf3.o(i.__0vsnprintf$3) refers to printf3.o(i._snputc) for _snputc
    printf3.o(i.__0vsprintf$3) refers to printf3.o(i._printf_core) for _printf_core
    printf3.o(i.__0vsprintf$3) refers to printf3.o(i._sputc) for _sputc
    printf3.o(i._printf_core) refers to uidiv.o(.text) for __aeabi_uidivmod
    printf4.o(i.__0fprintf$4) refers to printf4.o(i._printf_core) for _printf_core
    printf4.o(i.__0fprintf$4) refers to retarget.o(i.fputc) for fputc
    printf4.o(i.__0printf$4) refers to printf4.o(i._printf_core) for _printf_core
    printf4.o(i.__0printf$4) refers to retarget.o(i.fputc) for fputc
    printf4.o(i.__0printf$4) refers to retarget.o(.data) for __stdout
    printf4.o(i.__0snprintf$4) refers to printf4.o(i._printf_core) for _printf_core
    printf4.o(i.__0snprintf$4) refers to printf4.o(i._snputc) for _snputc
    printf4.o(i.__0sprintf$4) refers to printf4.o(i._printf_core) for _printf_core
    printf4.o(i.__0sprintf$4) refers to printf4.o(i._sputc) for _sputc
    printf4.o(i.__0vfprintf$4) refers to printf4.o(i._printf_core) for _printf_core
    printf4.o(i.__0vfprintf$4) refers to retarget.o(i.fputc) for fputc
    printf4.o(i.__0vprintf$4) refers to printf4.o(i._printf_core) for _printf_core
    printf4.o(i.__0vprintf$4) refers to retarget.o(i.fputc) for fputc
    printf4.o(i.__0vprintf$4) refers to retarget.o(.data) for __stdout
    printf4.o(i.__0vsnprintf$4) refers to printf4.o(i._printf_core) for _printf_core
    printf4.o(i.__0vsnprintf$4) refers to printf4.o(i._snputc) for _snputc
    printf4.o(i.__0vsprintf$4) refers to printf4.o(i._printf_core) for _printf_core
    printf4.o(i.__0vsprintf$4) refers to printf4.o(i._sputc) for _sputc
    printf4.o(i._printf_core) refers to uldiv.o(.text) for __aeabi_uldivmod
    printf5.o(i.__0fprintf$5) refers to printf5.o(i._printf_core) for _printf_core
    printf5.o(i.__0fprintf$5) refers to retarget.o(i.fputc) for fputc
    printf5.o(i.__0printf$5) refers to printf5.o(i._printf_core) for _printf_core
    printf5.o(i.__0printf$5) refers to retarget.o(i.fputc) for fputc
    printf5.o(i.__0printf$5) refers to retarget.o(.data) for __stdout
    printf5.o(i.__0snprintf$5) refers to printf5.o(i._printf_core) for _printf_core
    printf5.o(i.__0snprintf$5) refers to printf5.o(i._snputc) for _snputc
    printf5.o(i.__0sprintf$5) refers to printf5.o(i._printf_core) for _printf_core
    printf5.o(i.__0sprintf$5) refers to printf5.o(i._sputc) for _sputc
    printf5.o(i.__0vfprintf$5) refers to printf5.o(i._printf_core) for _printf_core
    printf5.o(i.__0vfprintf$5) refers to retarget.o(i.fputc) for fputc
    printf5.o(i.__0vprintf$5) refers to printf5.o(i._printf_core) for _printf_core
    printf5.o(i.__0vprintf$5) refers to retarget.o(i.fputc) for fputc
    printf5.o(i.__0vprintf$5) refers to retarget.o(.data) for __stdout
    printf5.o(i.__0vsnprintf$5) refers to printf5.o(i._printf_core) for _printf_core
    printf5.o(i.__0vsnprintf$5) refers to printf5.o(i._snputc) for _snputc
    printf5.o(i.__0vsprintf$5) refers to printf5.o(i._printf_core) for _printf_core
    printf5.o(i.__0vsprintf$5) refers to printf5.o(i._sputc) for _sputc
    printf5.o(i._printf_core) refers to uldiv.o(.text) for __aeabi_uldivmod
    printf6.o(i.__0fprintf$6) refers to printf6.o(i._printf_core) for _printf_core
    printf6.o(i.__0fprintf$6) refers to retarget.o(i.fputc) for fputc
    printf6.o(i.__0printf$6) refers to printf6.o(i._printf_core) for _printf_core
    printf6.o(i.__0printf$6) refers to retarget.o(i.fputc) for fputc
    printf6.o(i.__0printf$6) refers to retarget.o(.data) for __stdout
    printf6.o(i.__0snprintf$6) refers to printf6.o(i._printf_core) for _printf_core
    printf6.o(i.__0snprintf$6) refers to printf6.o(i._snputc) for _snputc
    printf6.o(i.__0sprintf$6) refers to printf6.o(i._printf_core) for _printf_core
    printf6.o(i.__0sprintf$6) refers to printf6.o(i._sputc) for _sputc
    printf6.o(i.__0vfprintf$6) refers to printf6.o(i._printf_core) for _printf_core
    printf6.o(i.__0vfprintf$6) refers to retarget.o(i.fputc) for fputc
    printf6.o(i.__0vprintf$6) refers to printf6.o(i._printf_core) for _printf_core
    printf6.o(i.__0vprintf$6) refers to retarget.o(i.fputc) for fputc
    printf6.o(i.__0vprintf$6) refers to retarget.o(.data) for __stdout
    printf6.o(i.__0vsnprintf$6) refers to printf6.o(i._printf_core) for _printf_core
    printf6.o(i.__0vsnprintf$6) refers to printf6.o(i._snputc) for _snputc
    printf6.o(i.__0vsprintf$6) refers to printf6.o(i._printf_core) for _printf_core
    printf6.o(i.__0vsprintf$6) refers to printf6.o(i._sputc) for _sputc
    printf6.o(i._printf_core) refers to printf6.o(i._printf_pre_padding) for _printf_pre_padding
    printf6.o(i._printf_core) refers to printf6.o(i._printf_post_padding) for _printf_post_padding
    printf6.o(i._printf_core) refers to uidiv.o(.text) for __aeabi_uidivmod
    printf7.o(i.__0fprintf$7) refers to printf7.o(i._printf_core) for _printf_core
    printf7.o(i.__0fprintf$7) refers to retarget.o(i.fputc) for fputc
    printf7.o(i.__0printf$7) refers to printf7.o(i._printf_core) for _printf_core
    printf7.o(i.__0printf$7) refers to retarget.o(i.fputc) for fputc
    printf7.o(i.__0printf$7) refers to retarget.o(.data) for __stdout
    printf7.o(i.__0snprintf$7) refers to printf7.o(i._printf_core) for _printf_core
    printf7.o(i.__0snprintf$7) refers to printf7.o(i._snputc) for _snputc
    printf7.o(i.__0sprintf$7) refers to printf7.o(i._printf_core) for _printf_core
    printf7.o(i.__0sprintf$7) refers to printf7.o(i._sputc) for _sputc
    printf7.o(i.__0vfprintf$7) refers to printf7.o(i._printf_core) for _printf_core
    printf7.o(i.__0vfprintf$7) refers to retarget.o(i.fputc) for fputc
    printf7.o(i.__0vprintf$7) refers to printf7.o(i._printf_core) for _printf_core
    printf7.o(i.__0vprintf$7) refers to retarget.o(i.fputc) for fputc
    printf7.o(i.__0vprintf$7) refers to retarget.o(.data) for __stdout
    printf7.o(i.__0vsnprintf$7) refers to printf7.o(i._printf_core) for _printf_core
    printf7.o(i.__0vsnprintf$7) refers to printf7.o(i._snputc) for _snputc
    printf7.o(i.__0vsprintf$7) refers to printf7.o(i._printf_core) for _printf_core
    printf7.o(i.__0vsprintf$7) refers to printf7.o(i._sputc) for _sputc
    printf7.o(i._printf_core) refers to printf7.o(i._printf_pre_padding) for _printf_pre_padding
    printf7.o(i._printf_core) refers to printf7.o(i._printf_post_padding) for _printf_post_padding
    printf7.o(i._printf_core) refers to uldiv.o(.text) for __aeabi_uldivmod
    printf8.o(i.__0fprintf$8) refers to printf8.o(i._printf_core) for _printf_core
    printf8.o(i.__0fprintf$8) refers to retarget.o(i.fputc) for fputc
    printf8.o(i.__0printf$8) refers to printf8.o(i._printf_core) for _printf_core
    printf8.o(i.__0printf$8) refers to retarget.o(i.fputc) for fputc
    printf8.o(i.__0printf$8) refers to retarget.o(.data) for __stdout
    printf8.o(i.__0snprintf$8) refers to printf8.o(i._printf_core) for _printf_core
    printf8.o(i.__0snprintf$8) refers to printf8.o(i._snputc) for _snputc
    printf8.o(i.__0sprintf$8) refers to printf8.o(i._printf_core) for _printf_core
    printf8.o(i.__0sprintf$8) refers to printf8.o(i._sputc) for _sputc
    printf8.o(i.__0vfprintf$8) refers to printf8.o(i._printf_core) for _printf_core
    printf8.o(i.__0vfprintf$8) refers to retarget.o(i.fputc) for fputc
    printf8.o(i.__0vprintf$8) refers to printf8.o(i._printf_core) for _printf_core
    printf8.o(i.__0vprintf$8) refers to retarget.o(i.fputc) for fputc
    printf8.o(i.__0vprintf$8) refers to retarget.o(.data) for __stdout
    printf8.o(i.__0vsnprintf$8) refers to printf8.o(i._printf_core) for _printf_core
    printf8.o(i.__0vsnprintf$8) refers to printf8.o(i._snputc) for _snputc
    printf8.o(i.__0vsprintf$8) refers to printf8.o(i._printf_core) for _printf_core
    printf8.o(i.__0vsprintf$8) refers to printf8.o(i._sputc) for _sputc
    printf8.o(i._printf_core) refers to printf8.o(i._printf_pre_padding) for _printf_pre_padding
    printf8.o(i._printf_core) refers to printf8.o(i._printf_post_padding) for _printf_post_padding
    printf8.o(i._printf_core) refers to uldiv.o(.text) for __aeabi_uldivmod
    printfa.o(i.__0fprintf) refers (Special) to iusefp.o(.text) for __I$use$fp
    printfa.o(i.__0fprintf) refers to printfa.o(i._printf_core) for _printf_core
    printfa.o(i.__0fprintf) refers to retarget.o(i.fputc) for fputc
    printfa.o(i.__0printf) refers (Special) to iusefp.o(.text) for __I$use$fp
    printfa.o(i.__0printf) refers to printfa.o(i._printf_core) for _printf_core
    printfa.o(i.__0printf) refers to retarget.o(i.fputc) for fputc
    printfa.o(i.__0printf) refers to retarget.o(.data) for __stdout
    printfa.o(i.__0snprintf) refers (Special) to iusefp.o(.text) for __I$use$fp
    printfa.o(i.__0snprintf) refers to printfa.o(i._printf_core) for _printf_core
    printfa.o(i.__0snprintf) refers to printfa.o(i._snputc) for _snputc
    printfa.o(i.__0sprintf) refers (Special) to iusefp.o(.text) for __I$use$fp
    printfa.o(i.__0sprintf) refers to printfa.o(i._printf_core) for _printf_core
    printfa.o(i.__0sprintf) refers to printfa.o(i._sputc) for _sputc
    printfa.o(i.__0vfprintf) refers (Special) to iusefp.o(.text) for __I$use$fp
    printfa.o(i.__0vfprintf) refers to printfa.o(i._printf_core) for _printf_core
    printfa.o(i.__0vfprintf) refers to retarget.o(i.fputc) for fputc
    printfa.o(i.__0vprintf) refers (Special) to iusefp.o(.text) for __I$use$fp
    printfa.o(i.__0vprintf) refers to printfa.o(i._printf_core) for _printf_core
    printfa.o(i.__0vprintf) refers to retarget.o(i.fputc) for fputc
    printfa.o(i.__0vprintf) refers to retarget.o(.data) for __stdout
    printfa.o(i.__0vsnprintf) refers (Special) to iusefp.o(.text) for __I$use$fp
    printfa.o(i.__0vsnprintf) refers to printfa.o(i._printf_core) for _printf_core
    printfa.o(i.__0vsnprintf) refers to printfa.o(i._snputc) for _snputc
    printfa.o(i.__0vsprintf) refers (Special) to iusefp.o(.text) for __I$use$fp
    printfa.o(i.__0vsprintf) refers to printfa.o(i._printf_core) for _printf_core
    printfa.o(i.__0vsprintf) refers to printfa.o(i._sputc) for _sputc
    printfa.o(i._fp_digits) refers (Special) to iusefp.o(.text) for __I$use$fp
    printfa.o(i._fp_digits) refers to dmul.o(.text) for __aeabi_dmul
    printfa.o(i._fp_digits) refers to ddiv.o(.text) for __aeabi_ddiv
    printfa.o(i._fp_digits) refers to cdrcmple.o(.text) for __aeabi_cdrcmple
    printfa.o(i._fp_digits) refers to dadd.o(.text) for __aeabi_dadd
    printfa.o(i._fp_digits) refers to dfixul.o(.text) for __aeabi_d2ulz
    printfa.o(i._fp_digits) refers to uldiv.o(.text) for __aeabi_uldivmod
    printfa.o(i._printf_core) refers (Special) to iusefp.o(.text) for __I$use$fp
    printfa.o(i._printf_core) refers to printfa.o(i._printf_pre_padding) for _printf_pre_padding
    printfa.o(i._printf_core) refers to uldiv.o(.text) for __aeabi_uldivmod
    printfa.o(i._printf_core) refers to printfa.o(i._printf_post_padding) for _printf_post_padding
    printfa.o(i._printf_core) refers to printfa.o(i._fp_digits) for _fp_digits
    printfa.o(i._printf_core) refers to uidiv.o(.text) for __aeabi_uidivmod
    printfa.o(i._printf_post_padding) refers (Special) to iusefp.o(.text) for __I$use$fp
    printfa.o(i._printf_pre_padding) refers (Special) to iusefp.o(.text) for __I$use$fp
    printfa.o(i._snputc) refers (Special) to iusefp.o(.text) for __I$use$fp
    printfa.o(i._sputc) refers (Special) to iusefp.o(.text) for __I$use$fp
    __0scanf.o(.text) refers to scanf_char_file.o(.text) for __vfscanf_char_file
    __0scanf.o(.text) refers to retarget.o(.data) for __stdin
    _scanf_int.o(.text) refers to _chval.o(.text) for _chval
    entry2.o(.ARM.Collect$$$$00000001) refers to entry2.o(.ARM.Collect$$$$00002712) for __lit__00000000
    entry2.o(.ARM.Collect$$$$00002712) refers to startup_nuc100series.o(STACK) for __initial_sp
    entry2.o(__vectab_stack_and_reset_area) refers to startup_nuc100series.o(STACK) for __initial_sp
    entry2.o(__vectab_stack_and_reset_area) refers to entry.o(.ARM.Collect$$$$00000000) for __main
    entry5.o(.ARM.Collect$$$$00000004) refers to init.o(.text) for __scatterload
    entry9a.o(.ARM.Collect$$$$0000000B) refers to main.o(i.main) for main
    entry9b.o(.ARM.Collect$$$$0000000C) refers to main.o(i.main) for main
    uldiv.o(.text) refers to llushr.o(.text) for __aeabi_llsr
    uldiv.o(.text) refers to llshl.o(.text) for __aeabi_llsl
    scanf_char_file.o(.text) refers to scanf_char.o(.text) for __vfscanf_char
    scanf_char_file.o(.text) refers to retarget.o(i.fgetc) for fgetc
    scanf_char_file.o(.text) refers to fgetc_b.o(.text) for __backspace
    dadd.o(.text) refers to llshl.o(.text) for __aeabi_llsl
    dadd.o(.text) refers to llsshr.o(.text) for __aeabi_lasr
    dadd.o(.text) refers to depilogue.o(.text) for _double_epilogue
    dmul.o(.text) refers to depilogue.o(.text) for _double_epilogue
    ddiv.o(.text) refers to depilogue.o(.text) for _double_round
    dfixul.o(.text) refers to llushr.o(.text) for __aeabi_llsr
    dfixul.o(.text) refers to llshl.o(.text) for __aeabi_llsl
    init.o(.text) refers to entry5.o(.ARM.Collect$$$$00000004) for __main_after_scatterload
    fgetc_b.o(.text) refers (Special) to iusesemig.o(.text) for __I$use$semihosting$fgetc
    fgetc_b.o(.text) refers (Special) to semi.o(.text) for __semihosting_library_function
    fgetc_b.o(.text) refers to fgetc_b.o(.data) for .data
    fgetc_b.o(.data) refers (Special) to iusesemig.o(.text) for __I$use$semihosting$fgetc
    fgetc_b.o(.data) refers (Special) to semi.o(.text) for __semihosting_library_function
    scanf_char.o(.text) refers to _scanf.o(.text) for __vfscanf
    scanf_char.o(.text) refers to isspace_c.o(.text) for isspace
    depilogue.o(.text) refers to depilogue.o(i.__ARM_clz) for __ARM_clz
    depilogue.o(.text) refers to llshl.o(.text) for __aeabi_llsl
    depilogue.o(.text) refers to llushr.o(.text) for __aeabi_llsr
    isspace_c.o(.text) refers to ctype_c.o(.text) for __ctype_lookup
    _scanf.o(.text) refers (Weak) to _scanf_int.o(.text) for _scanf_int
    ctype_c.o(.text) refers to ctype_c.o(.constdata) for .constdata


==============================================================================

Removing Unused input sections from the image.

    Removing startup_nuc100series.o(HEAP), (0 bytes).
    Removing system_nuc100series.o(.rev16_text), (4 bytes).
    Removing system_nuc100series.o(.revsh_text), (4 bytes).
    Removing main.o(.rev16_text), (4 bytes).
    Removing main.o(.revsh_text), (4 bytes).
    Removing main.o(i.I2C0_Close), (24 bytes).
    Removing retarget.o(.rev16_text), (4 bytes).
    Removing retarget.o(.revsh_text), (4 bytes).
    Removing retarget.o(i.IsDebugFifoEmpty), (16 bytes).
    Removing retarget.o(i.SendChar), (8 bytes).
    Removing retarget.o(i._ttywrch), (8 bytes).
    Removing retarget.o(i.ferror), (6 bytes).
    Removing retarget.o(i.kbhit), (16 bytes).
    Removing clk.o(.rev16_text), (4 bytes).
    Removing clk.o(.revsh_text), (4 bytes).
    Removing clk.o(i.CLK_DisableCKO), (16 bytes).
    Removing clk.o(i.CLK_DisableModuleClock), (48 bytes).
    Removing clk.o(i.CLK_DisablePLL), (16 bytes).
    Removing clk.o(i.CLK_DisableXtalRC), (16 bytes).
    Removing clk.o(i.CLK_EnableCKO), (44 bytes).
    Removing clk.o(i.CLK_GetCPUFreq), (16 bytes).
    Removing clk.o(i.CLK_GetHCLKFreq), (16 bytes).
    Removing clk.o(i.CLK_GetHXTFreq), (20 bytes).
    Removing clk.o(i.CLK_GetLXTFreq), (24 bytes).
    Removing clk.o(i.CLK_GetPCLKFreq), (16 bytes).
    Removing clk.o(i.CLK_Idle), (32 bytes).
    Removing clk.o(i.CLK_PowerDown), (36 bytes).
    Removing clk.o(i.CLK_SetSysTickClockSrc), (20 bytes).
    Removing i2c.o(.rev16_text), (4 bytes).
    Removing i2c.o(.revsh_text), (4 bytes).
    Removing i2c.o(i.I2C_ClearTimeoutFlag), (10 bytes).
    Removing i2c.o(i.I2C_Close), (56 bytes).
    Removing i2c.o(i.I2C_DisableInt), (10 bytes).
    Removing i2c.o(i.I2C_DisableTimeout), (10 bytes).
    Removing i2c.o(i.I2C_DisableWakeup), (10 bytes).
    Removing i2c.o(i.I2C_EnableInt), (10 bytes).
    Removing i2c.o(i.I2C_EnableTimeout), (26 bytes).
    Removing i2c.o(i.I2C_EnableWakeup), (10 bytes).
    Removing i2c.o(i.I2C_GetData), (6 bytes).
    Removing i2c.o(i.I2C_GetIntFlag), (8 bytes).
    Removing i2c.o(i.I2C_GetStatus), (4 bytes).
    Removing i2c.o(i.I2C_SetBusClockFreq), (48 bytes).
    Removing i2c.o(i.I2C_SetData), (4 bytes).
    Removing i2c.o(i.I2C_SetSlaveAddr), (32 bytes).
    Removing i2c.o(i.I2C_SetSlaveAddrMask), (30 bytes).
    Removing sys.o(.rev16_text), (4 bytes).
    Removing sys.o(.revsh_text), (4 bytes).
    Removing sys.o(i.SYS_ClearResetSrc), (12 bytes).
    Removing sys.o(i.SYS_DisableBOD), (14 bytes).
    Removing sys.o(i.SYS_EnableBOD), (36 bytes).
    Removing sys.o(i.SYS_GetBODStatus), (12 bytes).
    Removing sys.o(i.SYS_GetResetSrc), (8 bytes).
    Removing sys.o(i.SYS_IsRegLocked), (16 bytes).
    Removing sys.o(i.SYS_ReadPDID), (8 bytes).
    Removing sys.o(i.SYS_ResetCPU), (14 bytes).
    Removing sys.o(i.SYS_ResetChip), (14 bytes).
    Removing uart.o(.rev16_text), (4 bytes).
    Removing uart.o(.revsh_text), (4 bytes).
    Removing uart.o(i.UART_ClearIntFlag), (56 bytes).
    Removing uart.o(i.UART_Close), (6 bytes).
    Removing uart.o(i.UART_DisableFlowCtrl), (12 bytes).
    Removing uart.o(i.UART_DisableInt), (48 bytes).
    Removing uart.o(i.UART_EnableFlowCtrl), (30 bytes).
    Removing uart.o(i.UART_EnableInt), (48 bytes).
    Removing uart.o(i.UART_Read), (44 bytes).
    Removing uart.o(i.UART_SelectIrDAMode), (132 bytes).
    Removing uart.o(i.UART_SelectLINMode), (24 bytes).
    Removing uart.o(i.UART_SelectRS485Mode), (32 bytes).
    Removing uart.o(i.UART_SetLine_Config), (128 bytes).
    Removing uart.o(i.UART_SetTimeoutCnt), (22 bytes).
    Removing uart.o(i.UART_Write), (44 bytes).
    Removing dadd.o(.text), (360 bytes).
    Removing dmul.o(.text), (208 bytes).
    Removing ddiv.o(.text), (240 bytes).
    Removing dfixul.o(.text), (64 bytes).
    Removing cdrcmple.o(.text), (40 bytes).
    Removing depilogue.o(.text), (190 bytes).
    Removing depilogue.o(i.__ARM_clz), (46 bytes).

78 unused section(s) (total 2636 bytes) removed from the image.

==============================================================================

Image Symbol Table

    Local Symbols

    Symbol Name                              Value     Ov Type        Size  Object(Section)

    RESET                                    0x00000000   Section      192  startup_nuc100series.o(RESET)
    ../clib/microlib/ctype/ctype.c           0x00000000   Number         0  ctype_c.o ABSOLUTE
    ../clib/microlib/ctype/ctype.c           0x00000000   Number         0  isspace_c.o ABSOLUTE
    ../clib/microlib/division.c              0x00000000   Number         0  uidiv.o ABSOLUTE
    ../clib/microlib/division.c              0x00000000   Number         0  uldiv.o ABSOLUTE
    ../clib/microlib/init/entry.s            0x00000000   Number         0  entry7a.o ABSOLUTE
    ../clib/microlib/init/entry.s            0x00000000   Number         0  entry2.o ABSOLUTE
    ../clib/microlib/init/entry.s            0x00000000   Number         0  entry12b.o ABSOLUTE
    ../clib/microlib/init/entry.s            0x00000000   Number         0  entry12a.o ABSOLUTE
    ../clib/microlib/init/entry.s            0x00000000   Number         0  entry11b.o ABSOLUTE
    ../clib/microlib/init/entry.s            0x00000000   Number         0  entry11a.o ABSOLUTE
    ../clib/microlib/init/entry.s            0x00000000   Number         0  entry10b.o ABSOLUTE
    ../clib/microlib/init/entry.s            0x00000000   Number         0  entry10a.o ABSOLUTE
    ../clib/microlib/init/entry.s            0x00000000   Number         0  entry9b.o ABSOLUTE
    ../clib/microlib/init/entry.s            0x00000000   Number         0  entry9a.o ABSOLUTE
    ../clib/microlib/init/entry.s            0x00000000   Number         0  entry8b.o ABSOLUTE
    ../clib/microlib/init/entry.s            0x00000000   Number         0  entry8a.o ABSOLUTE
    ../clib/microlib/init/entry.s            0x00000000   Number         0  entry.o ABSOLUTE
    ../clib/microlib/init/entry.s            0x00000000   Number         0  entry7b.o ABSOLUTE
    ../clib/microlib/init/entry.s            0x00000000   Number         0  entry5.o ABSOLUTE
    ../clib/microlib/longlong.c              0x00000000   Number         0  llushr.o ABSOLUTE
    ../clib/microlib/longlong.c              0x00000000   Number         0  llshl.o ABSOLUTE
    ../clib/microlib/longlong.c              0x00000000   Number         0  llsshr.o ABSOLUTE
    ../clib/microlib/printf/printf.c         0x00000000   Number         0  printfb.o ABSOLUTE
    ../clib/microlib/printf/printf.c         0x00000000   Number         0  printf0.o ABSOLUTE
    ../clib/microlib/printf/printf.c         0x00000000   Number         0  printf1.o ABSOLUTE
    ../clib/microlib/printf/printf.c         0x00000000   Number         0  printf2.o ABSOLUTE
    ../clib/microlib/printf/printf.c         0x00000000   Number         0  printf3.o ABSOLUTE
    ../clib/microlib/printf/printf.c         0x00000000   Number         0  printf4.o ABSOLUTE
    ../clib/microlib/printf/printf.c         0x00000000   Number         0  printf5.o ABSOLUTE
    ../clib/microlib/printf/printf.c         0x00000000   Number         0  printfa.o ABSOLUTE
    ../clib/microlib/printf/printf.c         0x00000000   Number         0  printf6.o ABSOLUTE
    ../clib/microlib/printf/printf.c         0x00000000   Number         0  printf7.o ABSOLUTE
    ../clib/microlib/printf/printf.c         0x00000000   Number         0  printf8.o ABSOLUTE
    ../clib/microlib/printf/stubs.s          0x00000000   Number         0  stubs.o ABSOLUTE
    ../clib/microlib/stdio/fgetc.c           0x00000000   Number         0  fgetc_b.o ABSOLUTE
    ../clib/microlib/stdio/getc.c            0x00000000   Number         0  getc.o ABSOLUTE
    ../clib/microlib/stdio/semi.s            0x00000000   Number         0  semi.o ABSOLUTE
    ../clib/microlib/stubs.s                 0x00000000   Number         0  iusefp.o ABSOLUTE
    ../clib/microlib/stubs.s                 0x00000000   Number         0  iusesemig.o ABSOLUTE
    ../clib/scanf.c                          0x00000000   Number         0  _chval.o ABSOLUTE
    ../clib/scanf.c                          0x00000000   Number         0  scanf_char_file.o ABSOLUTE
    ../clib/scanf.c                          0x00000000   Number         0  _scanf.o ABSOLUTE
    ../clib/scanf.c                          0x00000000   Number         0  scanf_char.o ABSOLUTE
    ../clib/scanf.c                          0x00000000   Number         0  __0scanf.o ABSOLUTE
    ../clib/scanf.c                          0x00000000   Number         0  _scanf_int.o ABSOLUTE
    ../fplib/microlib/fpadd.c                0x00000000   Number         0  dadd.o ABSOLUTE
    ../fplib/microlib/fpdiv.c                0x00000000   Number         0  ddiv.o ABSOLUTE
    ../fplib/microlib/fpepilogue.c           0x00000000   Number         0  depilogue.o ABSOLUTE
    ../fplib/microlib/fpfix.c                0x00000000   Number         0  dfixul.o ABSOLUTE
    ../fplib/microlib/fpmul.c                0x00000000   Number         0  dmul.o ABSOLUTE
    ..\..\..\..\Library\Device\Nuvoton\NUC100Series\Source\ARM\startup_NUC100Series.s 0x00000000   Number         0  startup_nuc100series.o ABSOLUTE
    ..\..\..\..\Library\Device\Nuvoton\NUC100Series\Source\system_NUC100Series.c 0x00000000   Number         0  system_nuc100series.o ABSOLUTE
    ..\..\..\..\Library\StdDriver\src\clk.c  0x00000000   Number         0  clk.o ABSOLUTE
    ..\..\..\..\Library\StdDriver\src\i2c.c  0x00000000   Number         0  i2c.o ABSOLUTE
    ..\..\..\..\Library\StdDriver\src\retarget.c 0x00000000   Number         0  retarget.o ABSOLUTE
    ..\..\..\..\Library\StdDriver\src\sys.c  0x00000000   Number         0  sys.o ABSOLUTE
    ..\..\..\..\Library\StdDriver\src\uart.c 0x00000000   Number         0  uart.o ABSOLUTE
    ..\\..\\..\\..\\Library\\Device\\Nuvoton\\NUC100Series\\Source\\system_NUC100Series.c 0x00000000   Number         0  system_nuc100series.o ABSOLUTE
    ..\\..\\..\\..\\Library\\StdDriver\\src\\clk.c 0x00000000   Number         0  clk.o ABSOLUTE
    ..\\..\\..\\..\\Library\\StdDriver\\src\\i2c.c 0x00000000   Number         0  i2c.o ABSOLUTE
    ..\\..\\..\\..\\Library\\StdDriver\\src\\retarget.c 0x00000000   Number         0  retarget.o ABSOLUTE
    ..\\..\\..\\..\\Library\\StdDriver\\src\\sys.c 0x00000000   Number         0  sys.o ABSOLUTE
    ..\\..\\..\\..\\Library\\StdDriver\\src\\uart.c 0x00000000   Number         0  uart.o ABSOLUTE
    ..\\main.c                               0x00000000   Number         0  main.o ABSOLUTE
    ..\main.c                                0x00000000   Number         0  main.o ABSOLUTE
    cdrcmple.s                               0x00000000   Number         0  cdrcmple.o ABSOLUTE
    handlers.s                               0x00000000   Number         0  handlers.o ABSOLUTE
    init.s                                   0x00000000   Number         0  init.o ABSOLUTE
    .ARM.Collect$$$$00000000                 0x000000c0   Section        0  entry.o(.ARM.Collect$$$$00000000)
    .ARM.Collect$$$$00000001                 0x000000c0   Section        4  entry2.o(.ARM.Collect$$$$00000001)
    .ARM.Collect$$$$00000004                 0x000000c4   Section        4  entry5.o(.ARM.Collect$$$$00000004)
    .ARM.Collect$$$$00000008                 0x000000c8   Section        0  entry7b.o(.ARM.Collect$$$$00000008)
    .ARM.Collect$$$$0000000A                 0x000000c8   Section        0  entry8b.o(.ARM.Collect$$$$0000000A)
    .ARM.Collect$$$$0000000B                 0x000000c8   Section        8  entry9a.o(.ARM.Collect$$$$0000000B)
    .ARM.Collect$$$$0000000E                 0x000000d0   Section        4  entry12b.o(.ARM.Collect$$$$0000000E)
    .ARM.Collect$$$$0000000F                 0x000000d4   Section        0  entry10a.o(.ARM.Collect$$$$0000000F)
    .ARM.Collect$$$$00000011                 0x000000d4   Section        0  entry11a.o(.ARM.Collect$$$$00000011)
    .ARM.Collect$$$$00002712                 0x000000d4   Section        4  entry2.o(.ARM.Collect$$$$00002712)
    __lit__00000000                          0x000000d4   Data           4  entry2.o(.ARM.Collect$$$$00002712)
    .emb_text                                0x000000d8   Section       28  retarget.o(.emb_text)
    .text                                    0x000000f4   Section       76  startup_nuc100series.o(.text)
    Default_Handler                          0x0000011f   Thumb Code     2  startup_nuc100series.o(.text)
    .text                                    0x00000140   Section        0  uidiv.o(.text)
    .text                                    0x0000016c   Section        0  __0scanf.o(.text)
    .text                                    0x0000018c   Section        0  _scanf_int.o(.text)
    .text                                    0x000002d6   Section        0  uldiv.o(.text)
    .text                                    0x00000336   Section        0  _chval.o(.text)
    .text                                    0x00000354   Section        0  scanf_char_file.o(.text)
    .text                                    0x0000036c   Section       36  init.o(.text)
    .text                                    0x00000390   Section        0  fgetc_b.o(.text)
    .text                                    0x000003bc   Section        0  llshl.o(.text)
    .text                                    0x000003dc   Section        0  llushr.o(.text)
    .text                                    0x00000400   Section        0  scanf_char.o(.text)
    _scanf_char_input                        0x00000401   Thumb Code    12  scanf_char.o(.text)
    .text                                    0x0000042c   Section        0  semi.o(.text)
    .text                                    0x0000042c   Section        0  isspace_c.o(.text)
    .text                                    0x0000043c   Section        0  _scanf.o(.text)
    .text                                    0x00000778   Section        0  iusesemig.o(.text)
    .text                                    0x00000778   Section        0  ctype_c.o(.text)
    i.CLK_EnableModuleClock                  0x0000079c   Section        0  clk.o(i.CLK_EnableModuleClock)
    i.CLK_EnablePLL                          0x000007cc   Section        0  clk.o(i.CLK_EnablePLL)
    i.CLK_EnableXtalRC                       0x00000964   Section        0  clk.o(i.CLK_EnableXtalRC)
    i.CLK_GetPLLClockFreq                    0x00000974   Section        0  uart.o(i.CLK_GetPLLClockFreq)
    CLK_GetPLLClockFreq                      0x00000975   Thumb Code    70  uart.o(i.CLK_GetPLLClockFreq)
    i.CLK_SetCoreClock                       0x000009cc   Section        0  clk.o(i.CLK_SetCoreClock)
    i.CLK_SetHCLK                            0x00000a44   Section        0  clk.o(i.CLK_SetHCLK)
    i.CLK_SetModuleClock                     0x00000a8c   Section        0  clk.o(i.CLK_SetModuleClock)
    i.CLK_WaitClockReady                     0x00000b58   Section        0  clk.o(i.CLK_WaitClockReady)
    i.GetChar                                0x00000b84   Section        0  retarget.o(i.GetChar)
    i.Hard_Fault_Handler                     0x00000b98   Section        0  retarget.o(i.Hard_Fault_Handler)
    __tagsym$$used                           0x00000b99   Number         0  retarget.o(i.Hard_Fault_Handler)
    i.I2C0_Init                              0x00000bc0   Section        0  main.o(i.I2C0_Init)
    i.I2C_GetBusClockFreq                    0x00000bf8   Section        0  i2c.o(i.I2C_GetBusClockFreq)
    i.I2C_Open                               0x00000c10   Section        0  i2c.o(i.I2C_Open)
    i.I2C_Read_Chip_ID                       0x00000c48   Section        0  main.o(i.I2C_Read_Chip_ID)
    i.I2C_Trigger                            0x00000d80   Section        0  i2c.o(i.I2C_Trigger)
    i.I2C_Write                              0x00000db0   Section        0  main.o(i.I2C_Write)
    i.SYS_Init                               0x00000edc   Section        0  main.o(i.SYS_Init)
    i.SYS_ResetModule                        0x00000f38   Section        0  sys.o(i.SYS_ResetModule)
    i.SendChar_ToUART                        0x00000f54   Section        0  retarget.o(i.SendChar_ToUART)
    i.SystemCoreClockUpdate                  0x00000f74   Section        0  system_nuc100series.o(i.SystemCoreClockUpdate)
    i.SystemInit                             0x00001004   Section        0  system_nuc100series.o(i.SystemInit)
    i.UART0_Init                             0x00001008   Section        0  main.o(i.UART0_Init)
    i.UART_Open                              0x00001024   Section        0  uart.o(i.UART_Open)
    i.__0printf$5                            0x000010ac   Section        0  printf5.o(i.__0printf$5)
    i.__scatterload_copy                     0x000010cc   Section       14  handlers.o(i.__scatterload_copy)
    i.__scatterload_null                     0x000010da   Section        2  handlers.o(i.__scatterload_null)
    i.__scatterload_zeroinit                 0x000010dc   Section       14  handlers.o(i.__scatterload_zeroinit)
    i._printf_core                           0x000010ec   Section        0  printf5.o(i._printf_core)
    _printf_core                             0x000010ed   Thumb Code   680  printf5.o(i._printf_core)
    i.fgetc                                  0x000013c0   Section        0  retarget.o(i.fgetc)
    i.fputc                                  0x000013c8   Section        0  retarget.o(i.fputc)
    i.getc                                   0x000013d4   Section        0  getc.o(i.getc)
    i.main                                   0x000013dc   Section        0  main.o(i.main)
    i.stackDump                              0x00001678   Section        0  retarget.o(i.stackDump)
    stackDump                                0x00001679   Thumb Code    70  retarget.o(i.stackDump)
    .constdata                               0x00001720   Section       56  clk.o(.constdata)
    .constdata                               0x00001758   Section       48  uart.o(.constdata)
    .constdata                               0x00001788   Section       64  ctype_c.o(.constdata)
    .data                                    0x20000000   Section       44  system_nuc100series.o(.data)
    .data                                    0x2000002c   Section        4  retarget.o(.data)
    .data                                    0x20000030   Section        4  retarget.o(.data)
    .data                                    0x20000034   Section        3  fgetc_b.o(.data)
    ungetc_sp                                0x20000034   Data           1  fgetc_b.o(.data)
    ungetc_stack                             0x20000035   Data           2  fgetc_b.o(.data)
    STACK                                    0x20000038   Section     1024  startup_nuc100series.o(STACK)

    Global Symbols

    Symbol Name                              Value     Ov Type        Size  Object(Section)

    BuildAttributes$$THM_ISAv3M$S$PE$A:L22$X:L11$S22$IEEE1$IW$USESV6$~STKCKD$USESV7$~SHL$OSPACE$ROPI$EBA8$MICROLIB$REQ8$PRES8$EABIv2 0x00000000   Number         0  anon$$obj.o ABSOLUTE
    __ARM_use_no_argv                        0x00000000   Number         0  main.o ABSOLUTE
    __Vectors                                0x00000000   Data           4  startup_nuc100series.o(RESET)
    _printf_a                                0x00000000   Number         0  stubs.o ABSOLUTE
    _printf_c                                0x00000000   Number         0  stubs.o ABSOLUTE
    _printf_charcount                        0x00000000   Number         0  stubs.o ABSOLUTE
    _printf_d                                0x00000000   Number         0  stubs.o ABSOLUTE
    _printf_e                                0x00000000   Number         0  stubs.o ABSOLUTE
    _printf_f                                0x00000000   Number         0  stubs.o ABSOLUTE
    _printf_flags                            0x00000000   Number         0  stubs.o ABSOLUTE
    _printf_fp_dec                           0x00000000   Number         0  stubs.o ABSOLUTE
    _printf_fp_hex                           0x00000000   Number         0  stubs.o ABSOLUTE
    _printf_g                                0x00000000   Number         0  stubs.o ABSOLUTE
    _printf_i                                0x00000000   Number         0  stubs.o ABSOLUTE
    _printf_int_dec                          0x00000000   Number         0  stubs.o ABSOLUTE
    _printf_l                                0x00000000   Number         0  stubs.o ABSOLUTE
    _printf_lc                               0x00000000   Number         0  stubs.o ABSOLUTE
    _printf_ll                               0x00000000   Number         0  stubs.o ABSOLUTE
    _printf_lld                              0x00000000   Number         0  stubs.o ABSOLUTE
    _printf_lli                              0x00000000   Number         0  stubs.o ABSOLUTE
    _printf_llo                              0x00000000   Number         0  stubs.o ABSOLUTE
    _printf_llu                              0x00000000   Number         0  stubs.o ABSOLUTE
    _printf_llx                              0x00000000   Number         0  stubs.o ABSOLUTE
    _printf_longlong_dec                     0x00000000   Number         0  stubs.o ABSOLUTE
    _printf_longlong_hex                     0x00000000   Number         0  stubs.o ABSOLUTE
    _printf_longlong_oct                     0x00000000   Number         0  stubs.o ABSOLUTE
    _printf_ls                               0x00000000   Number         0  stubs.o ABSOLUTE
    _printf_mbtowc                           0x00000000   Number         0  stubs.o ABSOLUTE
    _printf_n                                0x00000000   Number         0  stubs.o ABSOLUTE
    _printf_o                                0x00000000   Number         0  stubs.o ABSOLUTE
    _printf_p                                0x00000000   Number         0  stubs.o ABSOLUTE
    _printf_percent                          0x00000000   Number         0  stubs.o ABSOLUTE
    _printf_pre_padding                      0x00000000   Number         0  stubs.o ABSOLUTE
    _printf_return_value                     0x00000000   Number         0  stubs.o ABSOLUTE
    _printf_s                                0x00000000   Number         0  stubs.o ABSOLUTE
    _printf_sizespec                         0x00000000   Number         0  stubs.o ABSOLUTE
    _printf_str                              0x00000000   Number         0  stubs.o ABSOLUTE
    _printf_truncate_signed                  0x00000000   Number         0  stubs.o ABSOLUTE
    _printf_truncate_unsigned                0x00000000   Number         0  stubs.o ABSOLUTE
    _printf_u                                0x00000000   Number         0  stubs.o ABSOLUTE
    _printf_wc                               0x00000000   Number         0  stubs.o ABSOLUTE
    _printf_wctomb                           0x00000000   Number         0  stubs.o ABSOLUTE
    _printf_widthprec                        0x00000000   Number         0  stubs.o ABSOLUTE
    _printf_x                                0x00000000   Number         0  stubs.o ABSOLUTE
    __arm_fini_                               - Undefined Weak Reference
    __cpp_initialize__aeabi_                  - Undefined Weak Reference
    __cxa_finalize                            - Undefined Weak Reference
    __decompress                              - Undefined Weak Reference
    _clock_init                               - Undefined Weak Reference
    _microlib_exit                            - Undefined Weak Reference
    _scanf_longlong                           - Undefined Weak Reference
    _scanf_real                               - Undefined Weak Reference
    _scanf_string                             - Undefined Weak Reference
    __main                                   0x000000c1   Thumb Code     0  entry.o(.ARM.Collect$$$$00000000)
    _main_stk                                0x000000c1   Thumb Code     0  entry2.o(.ARM.Collect$$$$00000001)
    _main_scatterload                        0x000000c5   Thumb Code     0  entry5.o(.ARM.Collect$$$$00000004)
    __main_after_scatterload                 0x000000c9   Thumb Code     0  entry5.o(.ARM.Collect$$$$00000004)
    _main_clock                              0x000000c9   Thumb Code     0  entry7b.o(.ARM.Collect$$$$00000008)
    _main_cpp_init                           0x000000c9   Thumb Code     0  entry8b.o(.ARM.Collect$$$$0000000A)
    _main_init                               0x000000c9   Thumb Code     0  entry9a.o(.ARM.Collect$$$$0000000B)
    __rt_lib_shutdown_fini                   0x000000d1   Thumb Code     0  entry12b.o(.ARM.Collect$$$$0000000E)
    __rt_final_cpp                           0x000000d5   Thumb Code     0  entry10a.o(.ARM.Collect$$$$0000000F)
    __rt_final_exit                          0x000000d5   Thumb Code     0  entry11a.o(.ARM.Collect$$$$00000011)
    HardFault_Handler                        0x000000d9   Thumb Code    24  retarget.o(.emb_text)
    Reset_Handler                            0x000000f5   Thumb Code    32  startup_nuc100series.o(.text)
    NMI_Handler                              0x00000115   Thumb Code     2  startup_nuc100series.o(.text)
    SVC_Handler                              0x00000119   Thumb Code     2  startup_nuc100series.o(.text)
    PendSV_Handler                           0x0000011b   Thumb Code     2  startup_nuc100series.o(.text)
    SysTick_Handler                          0x0000011d   Thumb Code     2  startup_nuc100series.o(.text)
    ACMP_IRQHandler                          0x0000011f   Thumb Code     0  startup_nuc100series.o(.text)
    ADC_IRQHandler                           0x0000011f   Thumb Code     0  startup_nuc100series.o(.text)
    BOD_IRQHandler                           0x0000011f   Thumb Code     0  startup_nuc100series.o(.text)
    CAN0_IRQHandler                          0x0000011f   Thumb Code     0  startup_nuc100series.o(.text)
    CAN1_IRQHandler                          0x0000011f   Thumb Code     0  startup_nuc100series.o(.text)
    EINT0_IRQHandler                         0x0000011f   Thumb Code     0  startup_nuc100series.o(.text)
    EINT1_IRQHandler                         0x0000011f   Thumb Code     0  startup_nuc100series.o(.text)
    GPAB_IRQHandler                          0x0000011f   Thumb Code     0  startup_nuc100series.o(.text)
    GPCDEF_IRQHandler                        0x0000011f   Thumb Code     0  startup_nuc100series.o(.text)
    I2C0_IRQHandler                          0x0000011f   Thumb Code     0  startup_nuc100series.o(.text)
    I2C1_IRQHandler                          0x0000011f   Thumb Code     0  startup_nuc100series.o(.text)
    I2S_IRQHandler                           0x0000011f   Thumb Code     0  startup_nuc100series.o(.text)
    PDMA_IRQHandler                          0x0000011f   Thumb Code     0  startup_nuc100series.o(.text)
    PS2_IRQHandler                           0x0000011f   Thumb Code     0  startup_nuc100series.o(.text)
    PWMA_IRQHandler                          0x0000011f   Thumb Code     0  startup_nuc100series.o(.text)
    PWMB_IRQHandler                          0x0000011f   Thumb Code     0  startup_nuc100series.o(.text)
    PWRWU_IRQHandler                         0x0000011f   Thumb Code     0  startup_nuc100series.o(.text)
    RTC_IRQHandler                           0x0000011f   Thumb Code     0  startup_nuc100series.o(.text)
    SC012_IRQHandler                         0x0000011f   Thumb Code     0  startup_nuc100series.o(.text)
    SPI0_IRQHandler                          0x0000011f   Thumb Code     0  startup_nuc100series.o(.text)
    SPI1_IRQHandler                          0x0000011f   Thumb Code     0  startup_nuc100series.o(.text)
    SPI2_IRQHandler                          0x0000011f   Thumb Code     0  startup_nuc100series.o(.text)
    SPI3_IRQHandler                          0x0000011f   Thumb Code     0  startup_nuc100series.o(.text)
    TMR0_IRQHandler                          0x0000011f   Thumb Code     0  startup_nuc100series.o(.text)
    TMR1_IRQHandler                          0x0000011f   Thumb Code     0  startup_nuc100series.o(.text)
    TMR2_IRQHandler                          0x0000011f   Thumb Code     0  startup_nuc100series.o(.text)
    TMR3_IRQHandler                          0x0000011f   Thumb Code     0  startup_nuc100series.o(.text)
    UART02_IRQHandler                        0x0000011f   Thumb Code     0  startup_nuc100series.o(.text)
    UART1_IRQHandler                         0x0000011f   Thumb Code     0  startup_nuc100series.o(.text)
    USBD_IRQHandler                          0x0000011f   Thumb Code     0  startup_nuc100series.o(.text)
    WDT_IRQHandler                           0x0000011f   Thumb Code     0  startup_nuc100series.o(.text)
    __aeabi_uidiv                            0x00000141   Thumb Code     0  uidiv.o(.text)
    __aeabi_uidivmod                         0x00000141   Thumb Code    44  uidiv.o(.text)
    __0scanf                                 0x0000016d   Thumb Code    28  __0scanf.o(.text)
    _scanf_int                               0x0000018d   Thumb Code   330  _scanf_int.o(.text)
    __aeabi_uldivmod                         0x000002d7   Thumb Code    96  uldiv.o(.text)
    _chval                                   0x00000337   Thumb Code    30  _chval.o(.text)
    __vfscanf_char_file                      0x00000355   Thumb Code    16  scanf_char_file.o(.text)
    __scatterload                            0x0000036d   Thumb Code    28  init.o(.text)
    __scatterload_rt2                        0x0000036d   Thumb Code     0  init.o(.text)
    _fgetc$bs                                0x00000391   Thumb Code    30  fgetc_b.o(.text)
    __backspace                              0x000003af   Thumb Code    10  fgetc_b.o(.text)
    __aeabi_llsl                             0x000003bd   Thumb Code    32  llshl.o(.text)
    _ll_shift_l                              0x000003bd   Thumb Code     0  llshl.o(.text)
    __aeabi_llsr                             0x000003dd   Thumb Code    34  llushr.o(.text)
    _ll_ushift_r                             0x000003dd   Thumb Code     0  llushr.o(.text)
    __vfscanf_char                           0x0000040d   Thumb Code    24  scanf_char.o(.text)
    __semihosting_library_function           0x0000042d   Thumb Code     0  semi.o(.text)
    isspace                                  0x0000042d   Thumb Code    14  isspace_c.o(.text)
    __vfscanf                                0x0000043d   Thumb Code   814  _scanf.o(.text)
    __I$use$semihosting$fgetc                0x00000779   Thumb Code     0  iusesemig.o(.text)
    __ctype_lookup                           0x00000779   Thumb Code    32  ctype_c.o(.text)
    CLK_EnableModuleClock                    0x0000079d   Thumb Code    40  clk.o(i.CLK_EnableModuleClock)
    CLK_EnablePLL                            0x000007cd   Thumb Code   348  clk.o(i.CLK_EnablePLL)
    CLK_EnableXtalRC                         0x00000965   Thumb Code    10  clk.o(i.CLK_EnableXtalRC)
    CLK_SetCoreClock                         0x000009cd   Thumb Code   112  clk.o(i.CLK_SetCoreClock)
    CLK_SetHCLK                              0x00000a45   Thumb Code    66  clk.o(i.CLK_SetHCLK)
    CLK_SetModuleClock                       0x00000a8d   Thumb Code   180  clk.o(i.CLK_SetModuleClock)
    CLK_WaitClockReady                       0x00000b59   Thumb Code    34  clk.o(i.CLK_WaitClockReady)
    GetChar                                  0x00000b85   Thumb Code    14  retarget.o(i.GetChar)
    Hard_Fault_Handler                       0x00000b99   Thumb Code    16  retarget.o(i.Hard_Fault_Handler)
    I2C0_Init                                0x00000bc1   Thumb Code    28  main.o(i.I2C0_Init)
    I2C_GetBusClockFreq                      0x00000bf9   Thumb Code    18  i2c.o(i.I2C_GetBusClockFreq)
    I2C_Open                                 0x00000c11   Thumb Code    50  i2c.o(i.I2C_Open)
    I2C_Read_Chip_ID                         0x00000c49   Thumb Code   194  main.o(i.I2C_Read_Chip_ID)
    I2C_Trigger                              0x00000d81   Thumb Code    48  i2c.o(i.I2C_Trigger)
    I2C_Write                                0x00000db1   Thumb Code   236  main.o(i.I2C_Write)
    SYS_Init                                 0x00000edd   Thumb Code    78  main.o(i.SYS_Init)
    SYS_ResetModule                          0x00000f39   Thumb Code    26  sys.o(i.SYS_ResetModule)
    SendChar_ToUART                          0x00000f55   Thumb Code    26  retarget.o(i.SendChar_ToUART)
    SystemCoreClockUpdate                    0x00000f75   Thumb Code   118  system_nuc100series.o(i.SystemCoreClockUpdate)
    SystemInit                               0x00001005   Thumb Code     2  system_nuc100series.o(i.SystemInit)
    UART0_Init                               0x00001009   Thumb Code    20  main.o(i.UART0_Init)
    UART_Open                                0x00001025   Thumb Code   120  uart.o(i.UART_Open)
    __0printf$5                              0x000010ad   Thumb Code    24  printf5.o(i.__0printf$5)
    __1printf$5                              0x000010ad   Thumb Code     0  printf5.o(i.__0printf$5)
    __2printf                                0x000010ad   Thumb Code     0  printf5.o(i.__0printf$5)
    __scatterload_copy                       0x000010cd   Thumb Code    14  handlers.o(i.__scatterload_copy)
    __scatterload_null                       0x000010db   Thumb Code     2  handlers.o(i.__scatterload_null)
    __scatterload_zeroinit                   0x000010dd   Thumb Code    14  handlers.o(i.__scatterload_zeroinit)
    fgetc                                    0x000013c1   Thumb Code     8  retarget.o(i.fgetc)
    fputc                                    0x000013c9   Thumb Code    12  retarget.o(i.fputc)
    getc                                     0x000013d5   Thumb Code     8  getc.o(i.getc)
    main                                     0x000013dd   Thumb Code   174  main.o(i.main)
    __ctype_categories                       0x00001788   Data          64  ctype_c.o(.constdata)
    Region$$Table$$Base                      0x000017c8   Number         0  anon$$obj.o(Region$$Table)
    Region$$Table$$Limit                     0x000017e8   Number         0  anon$$obj.o(Region$$Table)
    SystemCoreClock                          0x20000000   Data           4  system_nuc100series.o(.data)
    CyclesPerUs                              0x20000004   Data           4  system_nuc100series.o(.data)
    PllClock                                 0x20000008   Data           4  system_nuc100series.o(.data)
    gau32ClkSrcTbl                           0x2000000c   Data          32  system_nuc100series.o(.data)
    __stdout                                 0x2000002c   Data           4  retarget.o(.data)
    __stdin                                  0x20000030   Data           4  retarget.o(.data)
    __initial_sp                             0x20000438   Data           0  startup_nuc100series.o(STACK)



==============================================================================

Memory Map of the image

  Image Entry point : 0x000000f5

  Load Region LR_1 (Base: 0x00000000, Size: 0x00001820, Max: 0xffffffff, ABSOLUTE)

    Execution Region ER_RO (Exec base: 0x00000000, Load base: 0x00000000, Size: 0x000017e8, Max: 0xffffffff, ABSOLUTE)

    Exec Addr    Load Addr    Size         Type   Attr      Idx    E Section Name        Object

    0x00000000   0x00000000   0x000000c0   Data   RO            3    RESET               startup_nuc100series.o
    0x000000c0   0x000000c0   0x00000000   Code   RO          735  * .ARM.Collect$$$$00000000  mc_p.l(entry.o)
    0x000000c0   0x000000c0   0x00000004   Code   RO         1005    .ARM.Collect$$$$00000001  mc_p.l(entry2.o)
    0x000000c4   0x000000c4   0x00000004   Code   RO         1008    .ARM.Collect$$$$00000004  mc_p.l(entry5.o)
    0x000000c8   0x000000c8   0x00000000   Code   RO         1010    .ARM.Collect$$$$00000008  mc_p.l(entry7b.o)
    0x000000c8   0x000000c8   0x00000000   Code   RO         1012    .ARM.Collect$$$$0000000A  mc_p.l(entry8b.o)
    0x000000c8   0x000000c8   0x00000008   Code   RO         1013    .ARM.Collect$$$$0000000B  mc_p.l(entry9a.o)
    0x000000d0   0x000000d0   0x00000004   Code   RO         1020    .ARM.Collect$$$$0000000E  mc_p.l(entry12b.o)
    0x000000d4   0x000000d4   0x00000000   Code   RO         1015    .ARM.Collect$$$$0000000F  mc_p.l(entry10a.o)
    0x000000d4   0x000000d4   0x00000000   Code   RO         1017    .ARM.Collect$$$$00000011  mc_p.l(entry11a.o)
    0x000000d4   0x000000d4   0x00000004   Code   RO         1006    .ARM.Collect$$$$00002712  mc_p.l(entry2.o)
    0x000000d8   0x000000d8   0x0000001c   Code   RO          207    .emb_text           retarget.o
    0x000000f4   0x000000f4   0x0000004c   Code   RO            4  * .text               startup_nuc100series.o
    0x00000140   0x00000140   0x0000002c   Code   RO          738    .text               mc_p.l(uidiv.o)
    0x0000016c   0x0000016c   0x00000020   Code   RO         1001    .text               mc_p.l(__0scanf.o)
    0x0000018c   0x0000018c   0x0000014a   Code   RO         1003    .text               mc_p.l(_scanf_int.o)
    0x000002d6   0x000002d6   0x00000060   Code   RO         1021    .text               mc_p.l(uldiv.o)
    0x00000336   0x00000336   0x0000001e   Code   RO         1023    .text               mc_p.l(_chval.o)
    0x00000354   0x00000354   0x00000018   Code   RO         1025    .text               mc_p.l(scanf_char_file.o)
    0x0000036c   0x0000036c   0x00000024   Code   RO         1038    .text               mc_p.l(init.o)
    0x00000390   0x00000390   0x0000002c   Code   RO         1040    .text               mc_p.l(fgetc_b.o)
    0x000003bc   0x000003bc   0x00000020   Code   RO         1043    .text               mc_p.l(llshl.o)
    0x000003dc   0x000003dc   0x00000022   Code   RO         1045    .text               mc_p.l(llushr.o)
    0x000003fe   0x000003fe   0x00000002   PAD
    0x00000400   0x00000400   0x0000002c   Code   RO         1049    .text               mc_p.l(scanf_char.o)
    0x0000042c   0x0000042c   0x00000000   Code   RO         1055    .text               mc_p.l(semi.o)
    0x0000042c   0x0000042c   0x0000000e   Code   RO         1056    .text               mc_p.l(isspace_c.o)
    0x0000043a   0x0000043a   0x00000002   PAD
    0x0000043c   0x0000043c   0x0000033c   Code   RO         1058    .text               mc_p.l(_scanf.o)
    0x00000778   0x00000778   0x00000000   Code   RO         1060    .text               mc_p.l(iusesemig.o)
    0x00000778   0x00000778   0x00000024   Code   RO         1061    .text               mc_p.l(ctype_c.o)
    0x0000079c   0x0000079c   0x00000030   Code   RO          301    i.CLK_EnableModuleClock  clk.o
    0x000007cc   0x000007cc   0x00000198   Code   RO          302    i.CLK_EnablePLL     clk.o
    0x00000964   0x00000964   0x00000010   Code   RO          303    i.CLK_EnableXtalRC  clk.o
    0x00000974   0x00000974   0x00000058   Code   RO          627    i.CLK_GetPLLClockFreq  uart.o
    0x000009cc   0x000009cc   0x00000078   Code   RO          311    i.CLK_SetCoreClock  clk.o
    0x00000a44   0x00000a44   0x00000048   Code   RO          312    i.CLK_SetHCLK       clk.o
    0x00000a8c   0x00000a8c   0x000000cc   Code   RO          313    i.CLK_SetModuleClock  clk.o
    0x00000b58   0x00000b58   0x0000002c   Code   RO          315    i.CLK_WaitClockReady  clk.o
    0x00000b84   0x00000b84   0x00000014   Code   RO          208    i.GetChar           retarget.o
    0x00000b98   0x00000b98   0x00000028   Code   RO          209    i.Hard_Fault_Handler  retarget.o
    0x00000bc0   0x00000bc0   0x00000038   Code   RO          122    i.I2C0_Init         main.o
    0x00000bf8   0x00000bf8   0x00000018   Code   RO          439    i.I2C_GetBusClockFreq  i2c.o
    0x00000c10   0x00000c10   0x00000038   Code   RO          443    i.I2C_Open          i2c.o
    0x00000c48   0x00000c48   0x00000138   Code   RO          123    i.I2C_Read_Chip_ID  main.o
    0x00000d80   0x00000d80   0x00000030   Code   RO          448    i.I2C_Trigger       i2c.o
    0x00000db0   0x00000db0   0x0000012c   Code   RO          124    i.I2C_Write         main.o
    0x00000edc   0x00000edc   0x0000005c   Code   RO          125    i.SYS_Init          main.o
    0x00000f38   0x00000f38   0x0000001a   Code   RO          562    i.SYS_ResetModule   sys.o
    0x00000f52   0x00000f52   0x00000002   PAD
    0x00000f54   0x00000f54   0x00000020   Code   RO          212    i.SendChar_ToUART   retarget.o
    0x00000f74   0x00000f74   0x00000090   Code   RO           12    i.SystemCoreClockUpdate  system_nuc100series.o
    0x00001004   0x00001004   0x00000002   Code   RO           13    i.SystemInit        system_nuc100series.o
    0x00001006   0x00001006   0x00000002   PAD
    0x00001008   0x00001008   0x0000001c   Code   RO          126    i.UART0_Init        main.o
    0x00001024   0x00001024   0x00000088   Code   RO          634    i.UART_Open         uart.o
    0x000010ac   0x000010ac   0x00000020   Code   RO          873    i.__0printf$5       mc_p.l(printf5.o)
    0x000010cc   0x000010cc   0x0000000e   Code   RO         1066    i.__scatterload_copy  mc_p.l(handlers.o)
    0x000010da   0x000010da   0x00000002   Code   RO         1067    i.__scatterload_null  mc_p.l(handlers.o)
    0x000010dc   0x000010dc   0x0000000e   Code   RO         1068    i.__scatterload_zeroinit  mc_p.l(handlers.o)
    0x000010ea   0x000010ea   0x00000002   PAD
    0x000010ec   0x000010ec   0x000002d4   Code   RO          880    i._printf_core      mc_p.l(printf5.o)
    0x000013c0   0x000013c0   0x00000008   Code   RO          215    i.fgetc             retarget.o
    0x000013c8   0x000013c8   0x0000000c   Code   RO          216    i.fputc             retarget.o
    0x000013d4   0x000013d4   0x00000008   Code   RO          736    i.getc              mc_p.l(getc.o)
    0x000013dc   0x000013dc   0x0000029c   Code   RO          127    i.main              main.o
    0x00001678   0x00001678   0x000000a8   Code   RO          218    i.stackDump         retarget.o
    0x00001720   0x00001720   0x00000038   Data   RO          316    .constdata          clk.o
    0x00001758   0x00001758   0x00000030   Data   RO          642    .constdata          uart.o
    0x00001788   0x00001788   0x00000040   Data   RO         1062    .constdata          mc_p.l(ctype_c.o)
    0x000017c8   0x000017c8   0x00000020   Data   RO         1064    Region$$Table       anon$$obj.o


    Execution Region ER_RW (Exec base: 0x20000000, Load base: 0x000017e8, Size: 0x00000038, Max: 0xffffffff, ABSOLUTE)

    Exec Addr    Load Addr    Size         Type   Attr      Idx    E Section Name        Object

    0x20000000   0x000017e8   0x0000002c   Data   RW           14    .data               system_nuc100series.o
    0x2000002c   0x00001814   0x00000004   Data   RW          219    .data               retarget.o
    0x20000030   0x00001818   0x00000004   Data   RW          220    .data               retarget.o
    0x20000034   0x0000181c   0x00000003   Data   RW         1041    .data               mc_p.l(fgetc_b.o)


    Execution Region ER_ZI (Exec base: 0x20000038, Load base: 0x00001820, Size: 0x00000400, Max: 0xffffffff, ABSOLUTE)

    Exec Addr    Load Addr    Size         Type   Attr      Idx    E Section Name        Object

    0x20000038        -       0x00000400   Zero   RW            1    STACK               startup_nuc100series.o


==============================================================================

Image component sizes


      Code (inc. data)   RO Data    RW Data    ZI Data      Debug   Object Name

       912        122         56          0          0       6930   clk.o
       128         12          0          0          0       2655   i2c.o
      1456        726          0          0          0     131231   main.o
       308        138          0          8          0       6522   retarget.o
        76         32        192          0       1024        856   startup_nuc100series.o
        26          0          0          0          0        606   sys.o
       146         26          0         44          0     118767   system_nuc100series.o
       224         34         48          0          0       2356   uart.o

    ----------------------------------------------------------------------
      3280       1090        328         52       1024     269923   Object Totals
         0          0         32          0          0          0   (incl. Generated)
         4          0          0          0          0          0   (incl. Padding)

    ----------------------------------------------------------------------

      Code (inc. data)   RO Data    RW Data    ZI Data      Debug   Library Member Name

        32          4          0          0          0         84   __0scanf.o
        30          0          0          0          0         60   _chval.o
       828         14          0          0          0         84   _scanf.o
       330          0          0          0          0         84   _scanf_int.o
        36          4         64          0          0         60   ctype_c.o
         0          0          0          0          0          0   entry.o
         0          0          0          0          0          0   entry10a.o
         0          0          0          0          0          0   entry11a.o
         4          0          0          0          0          0   entry12b.o
         8          4          0          0          0          0   entry2.o
         4          0          0          0          0          0   entry5.o
         0          0          0          0          0          0   entry7b.o
         0          0          0          0          0          0   entry8b.o
         8          4          0          0          0          0   entry9a.o
        44          4          0          3          0        128   fgetc_b.o
         8          0          0          0          0         68   getc.o
        30          0          0          0          0          0   handlers.o
        36          8          0          0          0         68   init.o
        14          0          0          0          0         68   isspace_c.o
         0          0          0          0          0          0   iusesemig.o
        32          0          0          0          0         68   llshl.o
        34          0          0          0          0         68   llushr.o
       756         52          0          0          0        168   printf5.o
        44          8          0          0          0         84   scanf_char.o
        24          8          0          0          0         68   scanf_char_file.o
         0          0          0          0          0          0   semi.o
        44          0          0          0          0         72   uidiv.o
        96          0          0          0          0         84   uldiv.o

    ----------------------------------------------------------------------
      2448        110         64          4          0       1316   Library Totals
         6          0          0          1          0          0   (incl. Padding)

    ----------------------------------------------------------------------

      Code (inc. data)   RO Data    RW Data    ZI Data      Debug   Library Name

      2442        110         64          3          0       1316   mc_p.l

    ----------------------------------------------------------------------
      2448        110         64          4          0       1316   Library Totals

    ----------------------------------------------------------------------

==============================================================================


      Code (inc. data)   RO Data    RW Data    ZI Data      Debug   

      5728       1200        392         56       1024     269667   Grand Totals
      5728       1200        392         56       1024     269667   ELF Image Totals
      5728       1200        392         56          0          0   ROM Totals

==============================================================================

    Total RO  Size (Code + RO Data)                 6120 (   5.98kB)
    Total RW  Size (RW Data + ZI Data)              1080 (   1.05kB)
    Total ROM Size (Code + RO Data + RW Data)       6176 (   6.03kB)

==============================================================================

